// Jest Snapshot v1, https://goo.gl/fbAQLP

exports[`class AddGreeter extends _react.Component {

    constructor(props) {
        super(props);
        this.state = { greetingName: '' };
        this.handleUpdate = this.handleUpdate.bind(this);
        this.addGreeting = this.addGreeting.bind(this);
    }

    render() {
        return (
            _react2.default.createElement('div', { className: 'AddGreeter', __source: { fileName: _jsxFileName, lineNumber: 15 }, __self: this },
                _react2.default.createElement('input', { type: 'text', onChange: this.handleUpdate, __source: { fileName: _jsxFileName, lineNumber: 16 }, __self: this }), '\\xA0\\xA0',

                _react2.default.createElement('button', { onClick: this.addGreeting, __source: { fileName: _jsxFileName, lineNumber: 18 }, __self: this }, 'add')));


    }

    handleUpdate(event) {
        this.setState({ greetingName: event.target.value });
    }

    addGreeting() {
        this.props.addGreeting(this.state.greetingName);
        this.setState({ greetingName: '' });
    }} renders and matches our snapshot 1`] = `
<div
  className="AddGreeter"
>
  <input
    onChange={[Function]}
    type="text"
  />
    
  <button
    onClick={[Function]}
  >
    add
  </button>
</div>
`;
